// Vitest Snapshot v1, https://vitest.dev/guide/snapshot.html

exports[`transformSvelte > languageInUrl is false 1`] = `
"<script lang=\\"ts\\" context=\\"module\\"></script>

<script lang=\\"ts\\">import { getRuntimeFromContext } from \\"@inlang/sdk-js/adapter-sveltekit/client/reactive\\";

const {
  i: iStore,
  language: iLanguage
} = getRuntimeFromContext();

export let prop;
const blue = $iStore;
const green = $iLanguage;
console.log(blue);</script>

<style>
    .red {
        color: red;
    }
</style>

<h1 class=\\"red\\">{prop}</h1>
<h1 class=\\"red\\">{$iStore}</h1>
<h1 class=\\"red\\">{$iLanguage}</h1>
"
`;

exports[`transformSvelte > languageInUrl is true 1`] = `
"<script lang=\\"ts\\" context=\\"module\\"></script>

<script lang=\\"ts\\">import { getRuntimeFromContext } from \\"@inlang/sdk-js/adapter-sveltekit/client/reactive\\";

const {
  i: iStore,
  language: iLanguage
} = getRuntimeFromContext();

export let prop;
const blue = $iStore;
const green = $iLanguage;
console.log(blue);</script>

<style>
    .red {
        color: red;
    }
</style>

<h1 class=\\"red\\">{prop}</h1>
<h1 class=\\"red\\">{$iStore}</h1>
<h1 class=\\"red\\">{$iLanguage}</h1>
"
`;
